// Jest Snapshot v1, https://goo.gl/fbAQLP

exports[`<CenteredTitle /> should render CenteredTitle 1`] = `<styled.h2 />`;
