// Jest Snapshot v1, https://goo.gl/fbAQLP

exports[`<Header /> should render Header 1`] = `
<styled.header>
  <styled.div>
    <Logo />
  </styled.div>
</styled.header>
`;
